// Jest Snapshot v1, https://goo.gl/fbAQLP

exports[`render app component 1`] = `
<div
  className="App"
>
  <Connect(Users) />
</div>
`;
