// Jest Snapshot v1, https://goo.gl/fbAQLP

exports[`should test Provider component 1`] = `
<ContextProvider
  value={
    Object {
      "store": Object {
        "@@observable": [Function],
        "dispatch": [Function],
        "getState": [Function],
        "replaceReducer": [Function],
        "subscribe": [Function],
      },
      "subscription": Object {
        "addNestedSub": [Function],
        "getListeners": [Function],
        "handleChangeWrapper": [Function],
        "isSubscribed": [Function],
        "notifyNestedSubs": [Function],
        "onStateChange": [Function],
        "trySubscribe": [Function],
        "tryUnsubscribe": [Function],
      },
    }
  }
/>
`;

exports[`should test Users component 1`] = `
<ContextProvider
  value={null}
>
  <Users
    getUsers={[Function]}
    store={
      Object {
        "@@observable": [Function],
        "dispatch": [Function],
        "getState": [Function],
        "replaceReducer": [Function],
        "subscribe": [Function],
      }
    }
    users={
      Object {
        "error": null,
        "users": Array [],
      }
    }
  />
</ContextProvider>
`;
